// Jest Snapshot v1, https://goo.gl/fbAQLP

exports[`Board.Cell should display a tile with the correct tileId 1`] = `
<div
  className="board-cell position-1-1"
  onClick={[Function]}
  role="button"
>
  <Connect(TileCard)
    playerId="1"
    tileId="1"
  />
</div>
`;

exports[`Board.Cell should have a className containing the position 1`] = `
<div
  className="board-cell position-1-1"
  onClick={[Function]}
  role="button"
>
  <Connect(TileCard)
    playerId="1"
    tileId="1"
  />
</div>
`;

exports[`Board.Cell should have a className of 'board-cell' 1`] = `
<div
  className="board-cell position-1-1"
  onClick={[Function]}
  role="button"
>
  <Connect(TileCard)
    playerId="1"
    tileId="1"
  />
</div>
`;

exports[`Board.Cell should react to clicks 1`] = `
<div
  className="board-cell position-1-1"
  onClick={[Function]}
  role="button"
>
  <Connect(TileCard)
    playerId="1"
    tileId="1"
  />
</div>
`;
